******************************************************************************
                  TI ARM Linker PC v20.2.7                     
******************************************************************************
>> Linked Sat May  2 12:49:13 2026

OUTPUT FILE NAME:   <Blink_P401R_Test.out>
ENTRY POINT SYMBOL: "_c_int00_noargs"  address: 000007e1


MEMORY CONFIGURATION

         name            origin    length      used     unused   attr    fill
----------------------  --------  ---------  --------  --------  ----  --------
  MAIN                  00000000   00040000  00000850  0003f7b0  R  X
  INFO                  00200000   00004000  00000000  00004000  R  X
  SRAM_CODE             01000000   00010000  00000204  0000fdfc  RW X
  SRAM_DATA             20000000   00010000  00000204  0000fdfc  RW  


SEGMENT ALLOCATION MAP

run origin  load origin   length   init length attrs members
----------  ----------- ---------- ----------- ----- -------
00000000    00000000    00000850   00000850    r-x
  00000000    00000000    000000e4   000000e4    r-- .intvecs
  000000e4    000000e4    00000754   00000754    r-x .text
  00000838    00000838    00000018   00000018    r-- .cinit
20000000    20000000    00000004   00000000    rw-
  20000000    20000000    00000004   00000000    rw- .data
2000fe00    2000fe00    00000200   00000000    rw-
  2000fe00    2000fe00    00000200   00000000    rw- .stack


SECTION ALLOCATION MAP

 output                                  attributes/
section   page    origin      length       input sections
--------  ----  ----------  ----------   ----------------
.intvecs   0    00000000    000000e4     
                  00000000    000000e4     startup_msp432p401r_ccs.obj (.intvecs:retain)

.text      0    000000e4    00000754     
                  000000e4    00000334     system_msp432p401r.obj (.text)
                  00000418    00000134     motor.obj (.text)
                  0000054c    000000bc     main.obj (.text)
                  00000608    0000009c     rtsv7M4_T_le_v4SPD16_eabi.lib : memcpy_t2.asm.obj (.text)
                  000006a4    00000090     sensors.obj (.text)
                  00000734    00000068     rtsv7M4_T_le_v4SPD16_eabi.lib : copy_decompress_lzss.c.obj (.text:decompress:lzss:__TI_decompress_lzss)
                  0000079c    00000044                                   : autoinit.c.obj (.text:__TI_auto_init_nobinit_nopinit:__TI_auto_init_nobinit_nopinit)
                  000007e0    00000034                                   : boot_cortex_m.c.obj (.text:_c_int00_noargs:_c_int00_noargs)
                  00000814    0000000e                                   : copy_decompress_none.c.obj (.text:decompress:none:__TI_decompress_none)
                  00000822    0000000e     startup_msp432p401r_ccs.obj (.text)
                  00000830    00000004     rtsv7M4_T_le_v4SPD16_eabi.lib : pre_init.c.obj (.text:_system_pre_init)
                  00000834    00000004                                   : exit.c.obj (.text:abort:abort)

.cinit     0    00000838    00000018     
                  00000838    00000008     (.cinit..data.load) [load image, compression = lzss]
                  00000840    00000008     (__TI_handler_table)
                  00000848    00000008     (__TI_cinit_table)

.init_array 
*          0    00000000    00000000     UNINITIALIZED

.binit     0    00000000    00000000     

.data      0    20000000    00000004     UNINITIALIZED
                  20000000    00000004     system_msp432p401r.obj (.data)

.stack     0    2000fe00    00000200     UNINITIALIZED
                  2000fe00    00000004     rtsv7M4_T_le_v4SPD16_eabi.lib : boot_cortex_m.c.obj (.stack)
                  2000fe04    000001fc     --HOLE--

__llvm_prf_cnts 
*          0    20000000    00000000     UNINITIALIZED

MODULE SUMMARY

       Module                        code   ro data   rw data
       ------                        ----   -------   -------
    .\
       system_msp432p401r.obj        820    0         8      
       motor.obj                     308    0         0      
       startup_msp432p401r_ccs.obj   14     228       0      
       main.obj                      188    0         0      
       sensors.obj                   144    0         0      
    +--+-----------------------------+------+---------+---------+
       Total:                        1474   228       8      
                                                             
    C:\ti\ccs1260\ccs\tools\compiler\ti-cgt-arm_20.2.7.LTS\lib\rtsv7M4_T_le_v4SPD16_eabi.lib
       memcpy_t2.asm.obj             156    0         0      
       copy_decompress_lzss.c.obj    104    0         0      
       autoinit.c.obj                68     0         0      
       boot_cortex_m.c.obj           52     0         0      
       copy_decompress_none.c.obj    14     0         0      
       exit.c.obj                    4      0         0      
       pre_init.c.obj                4      0         0      
    +--+-----------------------------+------+---------+---------+
       Total:                        402    0         0      
                                                             
       Stack:                        0      0         1024   
       Linker Generated:             0      24        0      
    +--+-----------------------------+------+---------+---------+
       Grand Total:                  1876   252       1032   


LINKER GENERATED COPY TABLES

__TI_cinit_table @ 00000848 records: 1, size/record: 8, table size: 8
	.data: load addr=00000838, load size=00000008 bytes, run addr=20000000, run size=00000004 bytes, compression=lzss


LINKER GENERATED HANDLER TABLE

__TI_handler_table @ 00000840 records: 2, size/record: 4, table size: 8
	index: 0, handler: __TI_decompress_lzss
	index: 1, handler: __TI_decompress_none


GLOBAL SYMBOLS: SORTED ALPHABETICALLY BY Name 

address   name                          
-------   ----                          
0000082f  ADC14_IRQHandler              
0000082f  AES256_IRQHandler             
0000082f  BusFault_Handler              
00000835  C$$EXIT                       
0000082f  COMP_E0_IRQHandler            
0000082f  COMP_E1_IRQHandler            
0000082f  CS_IRQHandler                 
0000082f  DMA_ERR_IRQHandler            
0000082f  DMA_INT0_IRQHandler           
0000082f  DMA_INT1_IRQHandler           
0000082f  DMA_INT2_IRQHandler           
0000082f  DMA_INT3_IRQHandler           
0000082f  DebugMon_Handler              
0000082f  Default_Handler               
0000082f  EUSCIA0_IRQHandler            
0000082f  EUSCIA1_IRQHandler            
0000082f  EUSCIA2_IRQHandler            
0000082f  EUSCIA3_IRQHandler            
0000082f  EUSCIB0_IRQHandler            
0000082f  EUSCIB1_IRQHandler            
0000082f  EUSCIB2_IRQHandler            
0000082f  EUSCIB3_IRQHandler            
0000082f  FLCTL_IRQHandler              
0000082f  FPU_IRQHandler                
0000082f  HardFault_Handler             
0000082f  MemManage_Handler             
000004b5  Motor_Backward                
00000499  Motor_Forward                 
00000419  Motor_Init                    
000004d1  Motor_Left                    
000004f7  Motor_Right                   
0000048b  Motor_Stop                    
0000082f  NMI_Handler                   
0000082f  PCM_IRQHandler                
0000082f  PORT1_IRQHandler              
0000082f  PORT2_IRQHandler              
0000082f  PORT3_IRQHandler              
0000082f  PORT4_IRQHandler              
0000082f  PORT5_IRQHandler              
0000082f  PORT6_IRQHandler              
0000082f  PSS_IRQHandler                
0000082f  PendSV_Handler                
0000082f  RTC_C_IRQHandler              
00000823  Reset_Handler                 
0000082f  SVC_Handler                   
000006a5  Sensors_Init                  
000006c5  Sensors_Read                  
0000082f  SysTick_Handler               
20000000  SystemCoreClock               
000000e5  SystemCoreClockUpdate         
0000035d  SystemInit                    
0000082f  T32_INT1_IRQHandler           
0000082f  T32_INT2_IRQHandler           
0000082f  T32_INTC_IRQHandler           
0000082f  TA0_0_IRQHandler              
0000082f  TA0_N_IRQHandler              
0000082f  TA1_0_IRQHandler              
0000082f  TA1_N_IRQHandler              
0000082f  TA2_0_IRQHandler              
0000082f  TA2_N_IRQHandler              
0000082f  TA3_0_IRQHandler              
0000082f  TA3_N_IRQHandler              
0000082f  UsageFault_Handler            
4000480c  WDTCTL_SYM                    
0000082f  WDT_A_IRQHandler              
20010000  __STACK_END                   
00000200  __STACK_SIZE                  
00000848  __TI_CINIT_Base               
00000850  __TI_CINIT_Limit              
00000840  __TI_Handler_Table_Base       
00000848  __TI_Handler_Table_Limit      
0000079d  __TI_auto_init_nobinit_nopinit
00000735  __TI_decompress_lzss          
00000815  __TI_decompress_none          
ffffffff  __TI_pprof_out_hndl           
ffffffff  __TI_prof_data_size           
ffffffff  __TI_prof_data_start          
00000000  __TI_static_base__            
00000609  __aeabi_memcpy                
00000609  __aeabi_memcpy4               
00000609  __aeabi_memcpy8               
ffffffff  __binit__                     
ffffffff  __c_args__                    
UNDEFED   __mpu_init                    
2000fe00  __stack                       
20000000  __start___llvm_prf_cnts       
20000000  __stop___llvm_prf_cnts        
000007e1  _c_int00_noargs               
UNDEFED   _system_post_cinit            
00000831  _system_pre_init              
00000835  abort                         
ffffffff  binit                         
0000054d  delay_ms                      
00000000  interruptVectors              
00000587  main                          
00000609  memcpy                        


GLOBAL SYMBOLS: SORTED BY Symbol Address 

address   name                          
-------   ----                          
00000000  __TI_static_base__            
00000000  interruptVectors              
000000e5  SystemCoreClockUpdate         
00000200  __STACK_SIZE                  
0000035d  SystemInit                    
00000419  Motor_Init                    
0000048b  Motor_Stop                    
00000499  Motor_Forward                 
000004b5  Motor_Backward                
000004d1  Motor_Left                    
000004f7  Motor_Right                   
0000054d  delay_ms                      
00000587  main                          
00000609  __aeabi_memcpy                
00000609  __aeabi_memcpy4               
00000609  __aeabi_memcpy8               
00000609  memcpy                        
000006a5  Sensors_Init                  
000006c5  Sensors_Read                  
00000735  __TI_decompress_lzss          
0000079d  __TI_auto_init_nobinit_nopinit
000007e1  _c_int00_noargs               
00000815  __TI_decompress_none          
00000823  Reset_Handler                 
0000082f  ADC14_IRQHandler              
0000082f  AES256_IRQHandler             
0000082f  BusFault_Handler              
0000082f  COMP_E0_IRQHandler            
0000082f  COMP_E1_IRQHandler            
0000082f  CS_IRQHandler                 
0000082f  DMA_ERR_IRQHandler            
0000082f  DMA_INT0_IRQHandler           
0000082f  DMA_INT1_IRQHandler           
0000082f  DMA_INT2_IRQHandler           
0000082f  DMA_INT3_IRQHandler           
0000082f  DebugMon_Handler              
0000082f  Default_Handler               
0000082f  EUSCIA0_IRQHandler            
0000082f  EUSCIA1_IRQHandler            
0000082f  EUSCIA2_IRQHandler            
0000082f  EUSCIA3_IRQHandler            
0000082f  EUSCIB0_IRQHandler            
0000082f  EUSCIB1_IRQHandler            
0000082f  EUSCIB2_IRQHandler            
0000082f  EUSCIB3_IRQHandler            
0000082f  FLCTL_IRQHandler              
0000082f  FPU_IRQHandler                
0000082f  HardFault_Handler             
0000082f  MemManage_Handler             
0000082f  NMI_Handler                   
0000082f  PCM_IRQHandler                
0000082f  PORT1_IRQHandler              
0000082f  PORT2_IRQHandler              
0000082f  PORT3_IRQHandler              
0000082f  PORT4_IRQHandler              
0000082f  PORT5_IRQHandler              
0000082f  PORT6_IRQHandler              
0000082f  PSS_IRQHandler                
0000082f  PendSV_Handler                
0000082f  RTC_C_IRQHandler              
0000082f  SVC_Handler                   
0000082f  SysTick_Handler               
0000082f  T32_INT1_IRQHandler           
0000082f  T32_INT2_IRQHandler           
0000082f  T32_INTC_IRQHandler           
0000082f  TA0_0_IRQHandler              
0000082f  TA0_N_IRQHandler              
0000082f  TA1_0_IRQHandler              
0000082f  TA1_N_IRQHandler              
0000082f  TA2_0_IRQHandler              
0000082f  TA2_N_IRQHandler              
0000082f  TA3_0_IRQHandler              
0000082f  TA3_N_IRQHandler              
0000082f  UsageFault_Handler            
0000082f  WDT_A_IRQHandler              
00000831  _system_pre_init              
00000835  C$$EXIT                       
00000835  abort                         
00000840  __TI_Handler_Table_Base       
00000848  __TI_CINIT_Base               
00000848  __TI_Handler_Table_Limit      
00000850  __TI_CINIT_Limit              
20000000  SystemCoreClock               
20000000  __start___llvm_prf_cnts       
20000000  __stop___llvm_prf_cnts        
2000fe00  __stack                       
20010000  __STACK_END                   
4000480c  WDTCTL_SYM                    
ffffffff  __TI_pprof_out_hndl           
ffffffff  __TI_prof_data_size           
ffffffff  __TI_prof_data_start          
ffffffff  __binit__                     
ffffffff  __c_args__                    
ffffffff  binit                         
UNDEFED   __mpu_init                    
UNDEFED   _system_post_cinit            

[96 symbols]
